LET TYPE ID ASSIGN
Parsing error (line 2):         type int_arr :=  <-- ":=" is not a valid token. Expected "=".
Tiger-Compiler: Compilation unsuccessful.